
 RUN  v3.2.4 /app/unity-web-template

 ✓ src/controllers/BlockChain/Module/RpcToken/__tests__/RpcAddress.test.ts (4 tests) 5ms
 ✓ src/controllers/BlockChain/Module/Utils/__tests__/NetworkUtils.test.ts (4 tests) 10ms

 Test Files  2 passed (2)
      Tests  8 passed (8)
   Start at  20:45:31
   Duration  605ms (transform 185ms, setup 0ms, collect 365ms, tests 14ms, environment 0ms, prepare 187ms)
